▲ Next.js 16.1.6 (Turbopack)

  Creating an optimized production build ...
✓ Compiled successfully in 3.3s
  Running TypeScript ...
Failed to compile.

./src/app/[locale]/stop-renting/_components/StopRentingContent.tsx:228:23
Type error: Type '{ children: Element; delay: number; }' is not assignable to type 'IntrinsicAttributes & ScrollRevealProps'.
  Property 'delay' does not exist on type 'IntrinsicAttributes & ScrollRevealProps'.

[0m [90m 226 |[39m         [33m<[39m[33m/[39m[33mScrollReveal[39m[33m>[39m
 [90m 227 |[39m         
[31m[1m>[22m[39m[90m 228 |[39m         [33m<[39m[33mScrollReveal[39m delay[33m=[39m{[35m0.2[39m}[33m>[39m
 [90m     |[39m                       [31m[1m^[22m[39m
 [90m 229 |[39m             [33m<[39m[33mTrueAudienceVisualizer[39m locale[33m=[39m{locale} [33m/[39m[33m>[39m
 [90m 230 |[39m         [33m<[39m[33m/[39m[33mScrollReveal[39m[33m>[39m
 [90m 231 |[39m       [33m<[39m[33m/[39m[33msection[39m[33m>[39m[0m
Next.js build worker exited with code: 1 and signal: null
