src/app/[locale]/_components/Configurator.tsx(81,15): error TS2322: Type 'RefObject<HTMLDivElement | null>' is not assignable to type 'RefObject<HTMLDivElement>'.
  Type 'HTMLDivElement | null' is not assignable to type 'HTMLDivElement'.
    Type 'null' is not assignable to type 'HTMLDivElement'.
src/app/[locale]/_components/FoundationGrid.tsx(6,28): error TS2307: Cannot find module '../../architect/_components/FoundationCard' or its corresponding type declarations.
src/app/[locale]/_components/ModuleGrid.tsx(6,24): error TS2307: Cannot find module '../../architect/_components/ModuleItem' or its corresponding type declarations.
