src/app/[locale]/_components/lead-gen/PlatformRiskMeter.tsx(138,8): error TS17008: JSX element 'motion.div' has no corresponding closing tag.
src/app/[locale]/_components/lead-gen/PlatformRiskMeter.tsx(189,5): error TS1005: ')' expected.
src/app/[locale]/_components/lead-gen/PlatformRiskMeter.tsx(190,3): error TS1109: Expression expected.
