src/app/[locale]/_components/Configurator.tsx(230,13): error TS2322: Type '(s: 1 | 2 | 3 | 4 | 5) => boolean' is not assignable to type '(s: number) => void'.
  Types of parameters 's' and 's' are incompatible.
    Type 'number' is not assignable to type '5 | 1 | 3 | 2 | 4'.
